// Jest Snapshot v1, https://goo.gl/fbAQLP

exports[`should render expense list item with an expense 1`] = `
<Link
  className="list-item"
  replace={false}
  to="/edit/1"
>
  <div>
    <h3
      className="list-item__title"
    >
      ABC
    </h3>
    <span
      className="list-item__sub-title"
    >
      Jan 1st, 1970
       
    </span>
  </div>
  <h3
    className="list-item__data"
  >
    â‚¹122.00
     
  </h3>
</Link>
`;
