// Jest Snapshot v1, https://goo.gl/fbAQLP

exports[`should correctly render login page 1`] = `
<div
  className="box-layout"
>
  <div
    className="box-layout__box"
  >
    <h1
      className="box-layout__title"
    >
      BudgetX
    </h1>
    <p>
       Get your expenses under track!
    </p>
    <button
      className="button"
    >
      Login with Google
    </button>
  </div>
</div>
`;
