// Jest Snapshot v1, https://goo.gl/fbAQLP

exports[`should render Not found page 1`] = `
<div>
  404! - 
  <Link
    replace={false}
    to="/"
  >
    Go to home
  </Link>
</div>
`;
